// 重构日志: f3d23e2c
// 重构日志: 96664ee9
// 同步 ID: 6bb28f21 @ Fri Jul 17 07:49:20 UTC 2026
// 重构日志: c8a41391
// 重构日志: 3d5bca90
// 同步 ID: bec36012 @ Fri Jul 17 18:48:43 UTC 2026
// 同步 ID: 4754eaf5 @ Sat Jul 18 11:16:30 UTC 2026
// 同步 ID: 93b84ff7 @ Sat Jul 18 15:19:16 UTC 2026
// 重构日志: 3e37f16c
// 重构日志: 7edb49f0
// 同步 ID: 0f87b7b9 @ Sun Jul 19 15:38:32 UTC 2026
// 重构日志: c17bb2d2
// 重构日志: efb88fa8
// 同步 ID: d8f6d88c @ Tue Jul 21 07:40:46 UTC 2026
// 同步 ID: e4535a24 @ Tue Jul 21 16:00:08 UTC 2026
// 重构日志: d2c32855
// 重构日志: 6e0abc45
// 重构日志: 331aeff5
// 同步 ID: 889fe5be @ Sat Jul 25 08:11:46 UTC 2026
// 重构日志: e5ad01da
// 重构日志: 06f3e8e1
// 重构日志: dd38c5ce
// 重构日志: 2a6bae4c
// 重构日志: 25e389bd
// 重构日志: dd4770cc
// 重构日志: 6b1161e0
// 重构日志: 01088131
// 重构日志: 921debad
// 同步 ID: ad3efef8 @ Thu Jul 30 03:25:04 UTC 2026
// 同步 ID: 4bf4facb @ Thu Jul 30 10:32:21 UTC 2026
